// Jest Snapshot v1, https://goo.gl/fbAQLP

exports[`Component renders using enzyme and matches snapshot 1`] = `
<React.Fragment>
  <h1>
    Container
  </h1>
  Container message: 
  top level container message
  <InTheMiddle
    containerMessage="top level container message"
    inTheMiddleMessage="middle tier message"
    leafMessage="bottom level message"
  />
</React.Fragment>
`;

exports[`Component renders using react-test-library and matches snapshot 1`] = `
Object {
  "asFragment": [Function],
  "baseElement": <body>
    <div>
      <h1>
        Container
      </h1>
      Container message: 
      top level container message
      <h2>
        In the middle
      </h2>
      Middle message is 
      middle tier message
      <br />
      <span>
        Leaf message is: 
        bottom level message
      </span>
    </div>
  </body>,
  "container": <div>
    <h1>
      Container
    </h1>
    Container message: 
    top level container message
    <h2>
      In the middle
    </h2>
    Middle message is 
    middle tier message
    <br />
    <span>
      Leaf message is: 
      bottom level message
    </span>
  </div>,
  "debug": [Function],
  "findAllByAltText": [Function],
  "findAllByDisplayValue": [Function],
  "findAllByLabelText": [Function],
  "findAllByPlaceholderText": [Function],
  "findAllByRole": [Function],
  "findAllByTestId": [Function],
  "findAllByText": [Function],
  "findAllByTitle": [Function],
  "findByAltText": [Function],
  "findByDisplayValue": [Function],
  "findByLabelText": [Function],
  "findByPlaceholderText": [Function],
  "findByRole": [Function],
  "findByTestId": [Function],
  "findByText": [Function],
  "findByTitle": [Function],
  "getAllByAltText": [Function],
  "getAllByDisplayValue": [Function],
  "getAllByLabelText": [Function],
  "getAllByPlaceholderText": [Function],
  "getAllByRole": [Function],
  "getAllByTestId": [Function],
  "getAllByText": [Function],
  "getAllByTitle": [Function],
  "getByAltText": [Function],
  "getByDisplayValue": [Function],
  "getByLabelText": [Function],
  "getByPlaceholderText": [Function],
  "getByRole": [Function],
  "getByTestId": [Function],
  "getByText": [Function],
  "getByTitle": [Function],
  "queryAllByAltText": [Function],
  "queryAllByDisplayValue": [Function],
  "queryAllByLabelText": [Function],
  "queryAllByPlaceholderText": [Function],
  "queryAllByRole": [Function],
  "queryAllByTestId": [Function],
  "queryAllByText": [Function],
  "queryAllByTitle": [Function],
  "queryByAltText": [Function],
  "queryByDisplayValue": [Function],
  "queryByLabelText": [Function],
  "queryByPlaceholderText": [Function],
  "queryByRole": [Function],
  "queryByTestId": [Function],
  "queryByText": [Function],
  "queryByTitle": [Function],
  "rerender": [Function],
  "unmount": [Function],
}
`;
